{
    "a.css": "a.css",
    "c": "c",
    "js\\b.js": "b.js"
}
