{
    "a.css": "97224400-a.css",
    "c": "402c9d84-c",
    "js": {
        "b.js": "69e71580-b.js"
    }
}