{
    "a.css": "e8dcfa25-a.css",
    "c": "a8e91771-c",
    "js": {
        "b.js": "59efd297-b.js"
    }
}
