{
    "a.css": "a.css",
    "js": {
        "b.js": "b.js"
    }
}
